// Vitest Snapshot v1, https://vitest.dev/guide/snapshot.html

exports[`SalesChart > renders consistently (snapshot) 1`] = `
<div
  class="rounded-lg border text-card-foreground bg-white dark:bg-gray-800 border-gray-200 dark:border-gray-700 shadow-sm p-6"
>
  <div
    class="flex items-center justify-between mb-6"
  >
    <h3
      class="text-lg font-semibold text-gray-900"
    >
      Sales Overview
    </h3>
    <div
      class="flex space-x-2"
    >
      <button
        aria-disabled="false"
        class="inline-flex items-center justify-center rounded-md font-medium transition-colors focus-visible:outline-none focus-visible:ring-2 focus-visible:ring-ring focus-visible:ring-offset-2 disabled:pointer-events-none disabled:opacity-50 bg-blue-600 text-white hover:bg-blue-700 dark:bg-blue-500 dark:hover:bg-blue-600 h-8 px-3 text-sm"
        type="button"
      >
        Weekly
      </button>
      <button
        aria-disabled="false"
        class="inline-flex items-center justify-center rounded-md font-medium transition-colors focus-visible:outline-none focus-visible:ring-2 focus-visible:ring-ring focus-visible:ring-offset-2 disabled:pointer-events-none disabled:opacity-50 bg-gray-100 text-gray-900 hover:bg-gray-200 dark:bg-gray-700 dark:text-gray-100 dark:hover:bg-gray-600 h-8 px-3 text-sm"
        type="button"
      >
        Monthly
      </button>
    </div>
  </div>
  <div
    class="h-80"
  >
    <div
      data-testid="responsive-container"
    >
      <div
        data-testid="area-chart"
      >
        <defs>
          <lineargradient
            id="salesGradient"
            x1="0"
            x2="0"
            y1="0"
            y2="1"
          >
            <stop
              offset="5%"
              stop-color="#3b82f6"
              stop-opacity="0.8"
            />
            <stop
              offset="95%"
              stop-color="rgba(59, 130, 246, 0.1)"
              stop-opacity="0.1"
            />
          </lineargradient>
        </defs>
        <div
          data-testid="grid"
        />
        <div
          data-testid="x-axis"
        />
        <div
          data-testid="y-axis"
        />
        <div
          data-testid="tooltip"
        />
        <div
          data-testid="area"
        />
      </div>
    </div>
  </div>
</div>
`;

exports[`SalesChart > renders consistently with different timeframes (snapshot) > sales-chart-monthly 1`] = `
<div
  class="rounded-lg border text-card-foreground bg-white dark:bg-gray-800 border-gray-200 dark:border-gray-700 shadow-sm p-6"
>
  <div
    class="flex items-center justify-between mb-6"
  >
    <h3
      class="text-lg font-semibold text-gray-900"
    >
      Sales Overview
    </h3>
    <div
      class="flex space-x-2"
    >
      <button
        aria-disabled="false"
        class="inline-flex items-center justify-center rounded-md font-medium transition-colors focus-visible:outline-none focus-visible:ring-2 focus-visible:ring-ring focus-visible:ring-offset-2 disabled:pointer-events-none disabled:opacity-50 bg-gray-100 text-gray-900 hover:bg-gray-200 dark:bg-gray-700 dark:text-gray-100 dark:hover:bg-gray-600 h-8 px-3 text-sm"
        type="button"
      >
        Weekly
      </button>
      <button
        aria-disabled="false"
        class="inline-flex items-center justify-center rounded-md font-medium transition-colors focus-visible:outline-none focus-visible:ring-2 focus-visible:ring-ring focus-visible:ring-offset-2 disabled:pointer-events-none disabled:opacity-50 bg-blue-600 text-white hover:bg-blue-700 dark:bg-blue-500 dark:hover:bg-blue-600 h-8 px-3 text-sm"
        type="button"
      >
        Monthly
      </button>
    </div>
  </div>
  <div
    class="h-80"
  >
    <div
      data-testid="responsive-container"
    >
      <div
        data-testid="area-chart"
      >
        <defs>
          <lineargradient
            id="salesGradient"
            x1="0"
            x2="0"
            y1="0"
            y2="1"
          >
            <stop
              offset="5%"
              stop-color="#3b82f6"
              stop-opacity="0.8"
            />
            <stop
              offset="95%"
              stop-color="rgba(59, 130, 246, 0.1)"
              stop-opacity="0.1"
            />
          </lineargradient>
        </defs>
        <div
          data-testid="grid"
        />
        <div
          data-testid="x-axis"
        />
        <div
          data-testid="y-axis"
        />
        <div
          data-testid="tooltip"
        />
        <div
          data-testid="area"
        />
      </div>
    </div>
  </div>
</div>
`;

exports[`SalesChart > renders consistently with different timeframes (snapshot) > sales-chart-weekly 1`] = `
<div
  class="rounded-lg border text-card-foreground bg-white dark:bg-gray-800 border-gray-200 dark:border-gray-700 shadow-sm p-6"
>
  <div
    class="flex items-center justify-between mb-6"
  >
    <h3
      class="text-lg font-semibold text-gray-900"
    >
      Sales Overview
    </h3>
    <div
      class="flex space-x-2"
    >
      <button
        aria-disabled="false"
        class="inline-flex items-center justify-center rounded-md font-medium transition-colors focus-visible:outline-none focus-visible:ring-2 focus-visible:ring-ring focus-visible:ring-offset-2 disabled:pointer-events-none disabled:opacity-50 bg-blue-600 text-white hover:bg-blue-700 dark:bg-blue-500 dark:hover:bg-blue-600 h-8 px-3 text-sm"
        type="button"
      >
        Weekly
      </button>
      <button
        aria-disabled="false"
        class="inline-flex items-center justify-center rounded-md font-medium transition-colors focus-visible:outline-none focus-visible:ring-2 focus-visible:ring-ring focus-visible:ring-offset-2 disabled:pointer-events-none disabled:opacity-50 bg-gray-100 text-gray-900 hover:bg-gray-200 dark:bg-gray-700 dark:text-gray-100 dark:hover:bg-gray-600 h-8 px-3 text-sm"
        type="button"
      >
        Monthly
      </button>
    </div>
  </div>
  <div
    class="h-80"
  >
    <div
      data-testid="responsive-container"
    >
      <div
        data-testid="area-chart"
      >
        <defs>
          <lineargradient
            id="salesGradient"
            x1="0"
            x2="0"
            y1="0"
            y2="1"
          >
            <stop
              offset="5%"
              stop-color="#3b82f6"
              stop-opacity="0.8"
            />
            <stop
              offset="95%"
              stop-color="rgba(59, 130, 246, 0.1)"
              stop-opacity="0.1"
            />
          </lineargradient>
        </defs>
        <div
          data-testid="grid"
        />
        <div
          data-testid="x-axis"
        />
        <div
          data-testid="y-axis"
        />
        <div
          data-testid="tooltip"
        />
        <div
          data-testid="area"
        />
      </div>
    </div>
  </div>
</div>
`;
